[INFO] Scanning for projects...
[INFO] 
[INFO] --------------------------< com.example:Sthi >--------------------------
[INFO] Building Sthi 0.0.1-SNAPSHOT
[INFO]   from pom.xml
[INFO] --------------------------------[ jar ]---------------------------------
[INFO] 
[INFO] --- clean:3.4.1:clean (default-clean) @ Sthi ---
[INFO] Deleting C:\SpringBoot\WorkSpace\Sthi\target
[INFO] 
[INFO] --- resources:3.3.1:resources (default-resources) @ Sthi ---
[INFO] Copying 1 resource from src\main\resources to target\classes
[INFO] Copying 5 resources from src\main\resources to target\classes
[INFO] 
[INFO] --- compiler:3.14.0:compile (default-compile) @ Sthi ---
[INFO] Recompiling the module because of changed source code.
[INFO] Compiling 272 source files with javac [debug parameters release 17] to target\classes
[INFO] -------------------------------------------------------------
[ERROR] COMPILATION ERROR : 
[INFO] -------------------------------------------------------------
[ERROR] /C:/SpringBoot/WorkSpace/Sthi/src/main/java/com/sthi/service/WebScraperService.java:[5,17] package org.jsoup does not exist
[ERROR] /C:/SpringBoot/WorkSpace/Sthi/src/main/java/com/sthi/service/WebScraperService.java:[6,23] package org.jsoup.nodes does not exist
[ERROR] /C:/SpringBoot/WorkSpace/Sthi/src/main/java/com/sthi/service/WebScraperService.java:[7,23] package org.jsoup.nodes does not exist
[ERROR] /C:/SpringBoot/WorkSpace/Sthi/src/main/java/com/sthi/service/WebScraperService.java:[8,24] package org.jsoup.select does not exist
[ERROR] /C:/SpringBoot/WorkSpace/Sthi/src/main/java/com/sthi/service/WebScraperService.java:[111,36] cannot find symbol
  symbol:   class Element
  location: class com.sthi.service.WebScraperService
[ERROR] /C:/SpringBoot/WorkSpace/Sthi/src/main/java/com/sthi/signature/config/DocuSignConfig.java:[3,33] package com.docusign.esign.client does not exist
[ERROR] /C:/SpringBoot/WorkSpace/Sthi/src/main/java/com/sthi/signature/config/DocuSignConfig.java:[34,12] cannot find symbol
  symbol:   class ApiClient
  location: class com.sthi.signature.config.DocuSignConfig
[ERROR] /C:/SpringBoot/WorkSpace/Sthi/src/main/java/com/sthi/signature/controller/RentalAgreementController.java:[55,27] cannot find symbol
  symbol:   class KycExtractedData
  location: class com.sthi.signature.controller.RentalAgreementController
[ERROR] /C:/SpringBoot/WorkSpace/Sthi/src/main/java/com/sthi/signature/controller/RentalAgreementController.java:[82,95] cannot find symbol
  symbol:   class SigningRequest
  location: class com.sthi.signature.controller.RentalAgreementController
[ERROR] /C:/SpringBoot/WorkSpace/Sthi/src/main/java/com/sthi/signature/controller/RentalAgreementController.java:[92,94] cannot find symbol
  symbol:   class SigningRequest
  location: class com.sthi.signature.controller.RentalAgreementController
[ERROR] /C:/SpringBoot/WorkSpace/Sthi/src/main/java/com/sthi/signature/controller/RentalAgreementController.java:[104,26] cannot find symbol
  symbol:   class SigningRequest
  location: class com.sthi.signature.controller.RentalAgreementController
[ERROR] /C:/SpringBoot/WorkSpace/Sthi/src/main/java/com/sthi/signature/service/PdfGenerationService.java:[3,24] package com.lowagie.text does not exist
[ERROR] /C:/SpringBoot/WorkSpace/Sthi/src/main/java/com/sthi/signature/service/PdfGenerationService.java:[4,24] package com.lowagie.text does not exist
[ERROR] /C:/SpringBoot/WorkSpace/Sthi/src/main/java/com/sthi/signature/service/PdfGenerationService.java:[5,24] package com.lowagie.text does not exist
[ERROR] /C:/SpringBoot/WorkSpace/Sthi/src/main/java/com/sthi/signature/service/PdfGenerationService.java:[6,28] package com.lowagie.text.pdf does not exist
[ERROR] /C:/SpringBoot/WorkSpace/Sthi/src/main/java/com/sthi/signature/service/DocuSignService.java:[3,30] package com.docusign.esign.api does not exist
[ERROR] /C:/SpringBoot/WorkSpace/Sthi/src/main/java/com/sthi/signature/service/DocuSignService.java:[4,33] package com.docusign.esign.client does not exist
[ERROR] /C:/SpringBoot/WorkSpace/Sthi/src/main/java/com/sthi/signature/service/DocuSignService.java:[20,19] cannot find symbol
  symbol:   class ApiClient
  location: class com.sthi.signature.service.DocuSignService
[ERROR] /C:/SpringBoot/WorkSpace/Sthi/src/main/java/com/sthi/signature/service/DocuSignService.java:[47,13] cannot find symbol
  symbol:   class EnvelopeDefinition
  location: class com.sthi.signature.service.DocuSignService
[ERROR] /C:/SpringBoot/WorkSpace/Sthi/src/main/java/com/sthi/signature/service/DocuSignService.java:[17,1] cannot find symbol
  symbol:   class ApiClient
  location: class com.sthi.signature.service.DocuSignService
[ERROR] /C:/SpringBoot/WorkSpace/Sthi/src/main/java/com/sthi/signature/service/DocuSignService.java:[5,1] package com.docusign.esign.model does not exist
[INFO] 21 errors 
[INFO] -------------------------------------------------------------
[INFO] ------------------------------------------------------------------------
[INFO] BUILD FAILURE
[INFO] ------------------------------------------------------------------------
[INFO] Total time:  11.748 s
[INFO] Finished at: 2026-03-11T16:45:49+05:30
[INFO] ------------------------------------------------------------------------
[ERROR] Failed to execute goal org.apache.maven.plugins:maven-compiler-plugin:3.14.0:compile (default-compile) on project Sthi: Compilation failure: Compilation failure: 
[ERROR] /C:/SpringBoot/WorkSpace/Sthi/src/main/java/com/sthi/service/WebScraperService.java:[5,17] package org.jsoup does not exist
[ERROR] /C:/SpringBoot/WorkSpace/Sthi/src/main/java/com/sthi/service/WebScraperService.java:[6,23] package org.jsoup.nodes does not exist
[ERROR] /C:/SpringBoot/WorkSpace/Sthi/src/main/java/com/sthi/service/WebScraperService.java:[7,23] package org.jsoup.nodes does not exist
[ERROR] /C:/SpringBoot/WorkSpace/Sthi/src/main/java/com/sthi/service/WebScraperService.java:[8,24] package org.jsoup.select does not exist
[ERROR] /C:/SpringBoot/WorkSpace/Sthi/src/main/java/com/sthi/service/WebScraperService.java:[111,36] cannot find symbol
[ERROR]   symbol:   class Element
[ERROR]   location: class com.sthi.service.WebScraperService
[ERROR] /C:/SpringBoot/WorkSpace/Sthi/src/main/java/com/sthi/signature/config/DocuSignConfig.java:[3,33] package com.docusign.esign.client does not exist
[ERROR] /C:/SpringBoot/WorkSpace/Sthi/src/main/java/com/sthi/signature/config/DocuSignConfig.java:[34,12] cannot find symbol
[ERROR]   symbol:   class ApiClient
[ERROR]   location: class com.sthi.signature.config.DocuSignConfig
[ERROR] /C:/SpringBoot/WorkSpace/Sthi/src/main/java/com/sthi/signature/controller/RentalAgreementController.java:[55,27] cannot find symbol
[ERROR]   symbol:   class KycExtractedData
[ERROR]   location: class com.sthi.signature.controller.RentalAgreementController
[ERROR] /C:/SpringBoot/WorkSpace/Sthi/src/main/java/com/sthi/signature/controller/RentalAgreementController.java:[82,95] cannot find symbol
[ERROR]   symbol:   class SigningRequest
[ERROR]   location: class com.sthi.signature.controller.RentalAgreementController
[ERROR] /C:/SpringBoot/WorkSpace/Sthi/src/main/java/com/sthi/signature/controller/RentalAgreementController.java:[92,94] cannot find symbol
[ERROR]   symbol:   class SigningRequest
[ERROR]   location: class com.sthi.signature.controller.RentalAgreementController
[ERROR] /C:/SpringBoot/WorkSpace/Sthi/src/main/java/com/sthi/signature/controller/RentalAgreementController.java:[104,26] cannot find symbol
[ERROR]   symbol:   class SigningRequest
[ERROR]   location: class com.sthi.signature.controller.RentalAgreementController
[ERROR] /C:/SpringBoot/WorkSpace/Sthi/src/main/java/com/sthi/signature/service/PdfGenerationService.java:[3,24] package com.lowagie.text does not exist
[ERROR] /C:/SpringBoot/WorkSpace/Sthi/src/main/java/com/sthi/signature/service/PdfGenerationService.java:[4,24] package com.lowagie.text does not exist
[ERROR] /C:/SpringBoot/WorkSpace/Sthi/src/main/java/com/sthi/signature/service/PdfGenerationService.java:[5,24] package com.lowagie.text does not exist
[ERROR] /C:/SpringBoot/WorkSpace/Sthi/src/main/java/com/sthi/signature/service/PdfGenerationService.java:[6,28] package com.lowagie.text.pdf does not exist
[ERROR] /C:/SpringBoot/WorkSpace/Sthi/src/main/java/com/sthi/signature/service/DocuSignService.java:[3,30] package com.docusign.esign.api does not exist
[ERROR] /C:/SpringBoot/WorkSpace/Sthi/src/main/java/com/sthi/signature/service/DocuSignService.java:[4,33] package com.docusign.esign.client does not exist
[ERROR] /C:/SpringBoot/WorkSpace/Sthi/src/main/java/com/sthi/signature/service/DocuSignService.java:[20,19] cannot find symbol
[ERROR]   symbol:   class ApiClient
[ERROR]   location: class com.sthi.signature.service.DocuSignService
[ERROR] /C:/SpringBoot/WorkSpace/Sthi/src/main/java/com/sthi/signature/service/DocuSignService.java:[47,13] cannot find symbol
[ERROR]   symbol:   class EnvelopeDefinition
[ERROR]   location: class com.sthi.signature.service.DocuSignService
[ERROR] /C:/SpringBoot/WorkSpace/Sthi/src/main/java/com/sthi/signature/service/DocuSignService.java:[17,1] cannot find symbol
[ERROR]   symbol:   class ApiClient
[ERROR]   location: class com.sthi.signature.service.DocuSignService
[ERROR] /C:/SpringBoot/WorkSpace/Sthi/src/main/java/com/sthi/signature/service/DocuSignService.java:[5,1] package com.docusign.esign.model does not exist
[ERROR] -> [Help 1]
[ERROR] 
[ERROR] To see the full stack trace of the errors, re-run Maven with the -e switch.
[ERROR] Re-run Maven using the -X switch to enable full debug logging.
[ERROR] 
[ERROR] For more information about the errors and possible solutions, please read the following articles:
[ERROR] [Help 1] http://cwiki.apache.org/confluence/display/MAVEN/MojoFailureException
